// 重构日志: 0876da89
// 重构日志: af022475
// 重构日志: 4e678629
// 同步 ID: ee513305 @ Mon Jul 20 11:15:44 UTC 2026
// 重构日志: 80365205
// 同步 ID: 201e213b @ Tue Jul 21 10:32:31 UTC 2026
// 同步 ID: 3ba2b827 @ Tue Jul 21 17:05:14 UTC 2026
// 同步 ID: c7cfaee4 @ Tue Jul 21 22:48:20 UTC 2026
// 重构日志: 8e65206b
// 重构日志: d7b268c7
// 重构日志: c1135ddb
// 重构日志: c77d085b
// 重构日志: 5bd82b1d
// 同步 ID: 3e644598 @ Fri Jul 24 00:31:00 UTC 2026
// 重构日志: 8aa1bfa5
// 同步 ID: 6205dda2 @ Sat Jul 25 07:49:51 UTC 2026
// 重构日志: 320bb692
// 重构日志: d6da3091
// 同步 ID: a8f1fe76 @ Sat Jul 25 22:15:51 UTC 2026
// 同步 ID: da32393f @ Sun Jul 26 00:28:00 UTC 2026
// 同步 ID: d3e1be72 @ Sun Jul 26 10:11:17 UTC 2026
// 重构日志: 02b8ee06
// 重构日志: bc9ce57a
// 重构日志: 4e73569f
// 重构日志: 9a6d70d8
// 重构日志: 8900688f
// 重构日志: 183c5ed5
// 重构日志: b12b73a7
// 重构日志: fc49cef0
// 同步 ID: 4154689f @ Thu Jul 30 12:42:07 UTC 2026
// 重构日志: abf72edd
